QA output created by 193
Formatting 'TEST_DIR/t.IMGFMT', fmt=IMGFMT size=67108864

== inserting node ==
Testing:
{
    QMP_VERSION
}
{
    "return": {
    }
}
{
    "return": {
    }
}
{
    "return": {
    }
}
Formatting 'TEST_DIR/t.qcow2.s', fmt=qcow2 size=67108864 backing_file=TEST_DIR/t.qcow2 backing_fmt=qcow2 cluster_size=65536 lazy_refcounts=off refcount_bits=16
{
    "return": {
    }
}
{
    "return": {
    }
}
{
    "return": {
    }
}
{
    "return": [
        {
            "device": "",
            "locked": false,
            "removable": false,
            "inserted": {
                "iops_rd": 0,
                "detect_zeroes": "off",
                "image": {
                    "backing-image": {
                        "virtual-size": 67108864,
                        "filename": "TEST_DIR/t.qcow2",
                        "format": "throttle",
                        "actual-size": 200704
                    },
                    "backing-filename-format": "throttle",
                    "virtual-size": 67108864,
                    "filename": "TEST_DIR/t.qcow2.s",
                    "cluster-size": 65536,
                    "format": "qcow2",
                    "actual-size": 200704,
                    "format-specific": {
                        "type": "qcow2",
                        "data": {
                            "compat": "1.1",
                            "lazy-refcounts": false,
                            "refcount-bits": 16,
                            "corrupt": false
                        }
                    },
                    "full-backing-filename": "TEST_DIR/t.qcow2",
                    "backing-filename": "TEST_DIR/t.qcow2",
                    "dirty-flag": false
                },
                "iops_wr": 0,
                "ro": false,
                "node-name": "node-B",
                "backing_file_depth": 1,
                "drv": "qcow2",
                "iops": 0,
                "bps_wr": 0,
                "write_threshold": 0,
                "backing_file": "TEST_DIR/t.qcow2",
                "encrypted": false,
                "bps": 0,
                "bps_rd": 0,
                "cache": {
                    "no-flush": false,
                    "direct": false,
                    "writeback": true
                },
                "file": "TEST_DIR/t.qcow2.s",
                "encryption_key_missing": false
            },
            "qdev": "/machine/peripheral/virtio0/virtio-backend",
            "type": "unknown"
        }
    ]
}
{
    "return": [
        {
            "iops_rd": 0,
            "detect_zeroes": "off",
            "image": {
                "virtual-size": 67108864,
                "filename": "TEST_DIR/t.qcow2",
                "format": "throttle",
                "actual-size": 200704
            },
            "iops_wr": 0,
            "ro": false,
            "node-name": "throttle0",
            "backing_file_depth": 0,
            "drv": "throttle",
            "iops": 0,
            "bps_wr": 0,
            "write_threshold": 0,
            "encrypted": false,
            "bps": 0,
            "bps_rd": 0,
            "cache": {
                "no-flush": false,
                "direct": false,
                "writeback": true
            },
            "file": "TEST_DIR/t.qcow2",
            "encryption_key_missing": false
        },
        {
            "iops_rd": 0,
            "detect_zeroes": "off",
            "image": {
                "backing-image": {
                    "virtual-size": 67108864,
                    "filename": "TEST_DIR/t.qcow2",
                    "format": "throttle",
                    "actual-size": 200704
                },
                "backing-filename-format": "throttle",
                "virtual-size": 67108864,
                "filename": "TEST_DIR/t.qcow2.s",
                "cluster-size": 65536,
                "format": "qcow2",
                "actual-size": 200704,
                "format-specific": {
                    "type": "qcow2",
                    "data": {
                        "compat": "1.1",
                        "lazy-refcounts": false,
                        "refcount-bits": 16,
                        "corrupt": false
                    }
                },
                "full-backing-filename": "TEST_DIR/t.qcow2",
                "backing-filename": "TEST_DIR/t.qcow2",
                "dirty-flag": false
            },
            "iops_wr": 0,
            "ro": false,
            "node-name": "node-B",
            "backing_file_depth": 1,
            "drv": "qcow2",
            "iops": 0,
            "bps_wr": 0,
            "write_threshold": 0,
            "backing_file": "TEST_DIR/t.qcow2",
            "encrypted": false,
            "bps": 0,
            "bps_rd": 0,
            "cache": {
                "no-flush": false,
                "direct": false,
                "writeback": true
            },
            "file": "TEST_DIR/t.qcow2.s",
            "encryption_key_missing": false
        },
        {
            "iops_rd": 0,
            "detect_zeroes": "off",
            "image": {
                "virtual-size": 197120,
                "filename": "TEST_DIR/t.qcow2.s",
                "format": "file",
                "actual-size": 200704,
                "dirty-flag": false
            },
            "iops_wr": 0,
            "ro": false,
            "node-name": "NODE_NAME",
            "backing_file_depth": 0,
            "drv": "file",
            "iops": 0,
            "bps_wr": 0,
            "write_threshold": 0,
            "encrypted": false,
            "bps": 0,
            "bps_rd": 0,
            "cache": {
                "no-flush": false,
                "direct": false,
                "writeback": true
            },
            "file": "TEST_DIR/t.qcow2.s",
            "encryption_key_missing": false
        },
        {
            "iops_rd": 0,
            "detect_zeroes": "off",
            "image": {
                "virtual-size": 67108864,
                "filename": "TEST_DIR/t.qcow2",
                "cluster-size": 65536,
                "format": "qcow2",
                "actual-size": 200704,
                "format-specific": {
                    "type": "qcow2",
                    "data": {
                        "compat": "1.1",
                        "lazy-refcounts": false,
                        "refcount-bits": 16,
                        "corrupt": false
                    }
                },
                "dirty-flag": false
            },
            "iops_wr": 0,
            "ro": true,
            "node-name": "disk",
            "backing_file_depth": 0,
            "drv": "qcow2",
            "iops": 0,
            "bps_wr": 0,
            "write_threshold": 0,
            "encrypted": false,
            "bps": 0,
            "bps_rd": 0,
            "cache": {
                "no-flush": false,
                "direct": false,
                "writeback": true
            },
            "file": "TEST_DIR/t.qcow2",
            "encryption_key_missing": false
        },
        {
            "iops_rd": 0,
            "detect_zeroes": "off",
            "image": {
                "virtual-size": 197120,
                "filename": "TEST_DIR/t.qcow2",
                "format": "file",
                "actual-size": 200704,
                "dirty-flag": false
            },
            "iops_wr": 0,
            "ro": true,
            "node-name": "NODE_NAME",
            "backing_file_depth": 0,
            "drv": "file",
            "iops": 0,
            "bps_wr": 0,
            "write_threshold": 0,
            "encrypted": false,
            "bps": 0,
            "bps_rd": 0,
            "cache": {
                "no-flush": false,
                "direct": false,
                "writeback": true
            },
            "file": "TEST_DIR/t.qcow2",
            "encryption_key_missing": false
        }
    ]
}
{
    "return": {
    }
}
{
    "timestamp": {
        "seconds":  TIMESTAMP,
        "microseconds":  TIMESTAMP
    },
    "event": "SHUTDOWN",
    "data": {
        "guest": false
    }
}


== inserting and removing node ==
Testing:
{
    QMP_VERSION
}
{
    "return": {
    }
}
{
    "return": {
    }
}
{
    "return": {
    }
}
{
    "return": {
    }
}
{
    "return": {
    }
}
{
    "return": {
    }
}
{
    "return": [
        {
            "device": "",
            "locked": false,
            "removable": false,
            "inserted": {
                "iops_rd": 0,
                "detect_zeroes": "off",
                "image": {
                    "virtual-size": 67108864,
                    "filename": "json:{\"throttle-group\": \"foo\", \"driver\": \"throttle\", \"limits.iops-total\": 100, \"file\": {\"throttle-group\": \"bar\", \"driver\": \"throttle\", \"limits.iops-total\": 200, \"file\": {\"driver\": \"qcow2\", \"file\": {\"driver\": \"file\", \"filename\": \"TEST_DIR/t.qcow2\"}}}}",
                    "format": "throttle",
                    "actual-size": 200704
                },
                "iops_wr": 0,
                "ro": false,
                "node-name": "throttle0",
                "backing_file_depth": 0,
                "drv": "throttle",
                "iops": 0,
                "bps_wr": 0,
                "write_threshold": 0,
                "encrypted": false,
                "bps": 0,
                "bps_rd": 0,
                "cache": {
                    "no-flush": false,
                    "direct": false,
                    "writeback": true
                },
                "file": "json:{\"throttle-group\": \"foo\", \"driver\": \"throttle\", \"limits.iops-total\": 100, \"file\": {\"throttle-group\": \"bar\", \"driver\": \"throttle\", \"limits.iops-total\": 200, \"file\": {\"driver\": \"qcow2\", \"file\": {\"driver\": \"file\", \"filename\": \"TEST_DIR/t.qcow2\"}}}}",
                "encryption_key_missing": false
            },
            "qdev": "/machine/peripheral/virtio0/virtio-backend",
            "type": "unknown"
        }
    ]
}
{
    "return": [
        {
            "iops_rd": 0,
            "detect_zeroes": "off",
            "image": {
                "virtual-size": 67108864,
                "filename": "json:{\"throttle-group\": \"bar\", \"driver\": \"throttle\", \"limits.iops-total\": 200, \"file\": {\"driver\": \"qcow2\", \"file\": {\"driver\": \"file\", \"filename\": \"TEST_DIR/t.qcow2\"}}}",
                "format": "throttle",
                "actual-size": 200704
            },
            "iops_wr": 0,
            "ro": false,
            "node-name": "throttle1",
            "backing_file_depth": 0,
            "drv": "throttle",
            "iops": 0,
            "bps_wr": 0,
            "write_threshold": 0,
            "encrypted": false,
            "bps": 0,
            "bps_rd": 0,
            "cache": {
                "no-flush": false,
                "direct": false,
                "writeback": true
            },
            "file": "json:{\"throttle-group\": \"bar\", \"driver\": \"throttle\", \"limits.iops-total\": 200, \"file\": {\"driver\": \"qcow2\", \"file\": {\"driver\": \"file\", \"filename\": \"TEST_DIR/t.qcow2\"}}}",
            "encryption_key_missing": false
        },
        {
            "iops_rd": 0,
            "detect_zeroes": "off",
            "image": {
                "virtual-size": 67108864,
                "filename": "json:{\"throttle-group\": \"foo\", \"driver\": \"throttle\", \"limits.iops-total\": 100, \"file\": {\"throttle-group\": \"bar\", \"driver\": \"throttle\", \"limits.iops-total\": 200, \"file\": {\"driver\": \"qcow2\", \"file\": {\"driver\": \"file\", \"filename\": \"TEST_DIR/t.qcow2\"}}}}",
                "format": "throttle",
                "actual-size": 200704
            },
            "iops_wr": 0,
            "ro": false,
            "node-name": "throttle0",
            "backing_file_depth": 0,
            "drv": "throttle",
            "iops": 0,
            "bps_wr": 0,
            "write_threshold": 0,
            "encrypted": false,
            "bps": 0,
            "bps_rd": 0,
            "cache": {
                "no-flush": false,
                "direct": false,
                "writeback": true
            },
            "file": "json:{\"throttle-group\": \"foo\", \"driver\": \"throttle\", \"limits.iops-total\": 100, \"file\": {\"throttle-group\": \"bar\", \"driver\": \"throttle\", \"limits.iops-total\": 200, \"file\": {\"driver\": \"qcow2\", \"file\": {\"driver\": \"file\", \"filename\": \"TEST_DIR/t.qcow2\"}}}}",
            "encryption_key_missing": false
        },
        {
            "iops_rd": 0,
            "detect_zeroes": "off",
            "image": {
                "virtual-size": 67108864,
                "filename": "TEST_DIR/t.qcow2",
                "cluster-size": 65536,
                "format": "qcow2",
                "actual-size": 200704,
                "format-specific": {
                    "type": "qcow2",
                    "data": {
                        "compat": "1.1",
                        "lazy-refcounts": false,
                        "refcount-bits": 16,
                        "corrupt": false
                    }
                },
                "dirty-flag": false
            },
            "iops_wr": 0,
            "ro": false,
            "node-name": "disk",
            "backing_file_depth": 0,
            "drv": "qcow2",
            "iops": 0,
            "bps_wr": 0,
            "write_threshold": 0,
            "encrypted": false,
            "bps": 0,
            "bps_rd": 0,
            "cache": {
                "no-flush": false,
                "direct": false,
                "writeback": true
            },
            "file": "TEST_DIR/t.qcow2",
            "encryption_key_missing": false
        },
        {
            "iops_rd": 0,
            "detect_zeroes": "off",
            "image": {
                "virtual-size": 197120,
                "filename": "TEST_DIR/t.qcow2",
                "format": "file",
                "actual-size": 200704,
                "dirty-flag": false
            },
            "iops_wr": 0,
            "ro": false,
            "node-name": "NODE_NAME",
            "backing_file_depth": 0,
            "drv": "file",
            "iops": 0,
            "bps_wr": 0,
            "write_threshold": 0,
            "encrypted": false,
            "bps": 0,
            "bps_rd": 0,
            "cache": {
                "no-flush": false,
                "direct": false,
                "writeback": true
            },
            "file": "TEST_DIR/t.qcow2",
            "encryption_key_missing": false
        }
    ]
}
{
    "return": {
    }
}
{
    "return": {
    }
}
{
    "return": [
        {
            "device": "",
            "locked": false,
            "removable": false,
            "inserted": {
                "iops_rd": 0,
                "detect_zeroes": "off",
                "image": {
                    "virtual-size": 67108864,
                    "filename": "json:{\"throttle-group\": \"foo\", \"driver\": \"throttle\", \"limits.iops-total\": 100, \"file\": {\"driver\": \"qcow2\", \"file\": {\"driver\": \"file\", \"filename\": \"TEST_DIR/t.qcow2\"}}}",
                    "format": "throttle",
                    "actual-size": 200704
                },
                "iops_wr": 0,
                "ro": false,
                "node-name": "throttle0",
                "backing_file_depth": 0,
                "drv": "throttle",
                "iops": 0,
                "bps_wr": 0,
                "write_threshold": 0,
                "encrypted": false,
                "bps": 0,
                "bps_rd": 0,
                "cache": {
                    "no-flush": false,
                    "direct": false,
                    "writeback": true
                },
                "file": "json:{\"throttle-group\": \"foo\", \"driver\": \"throttle\", \"limits.iops-total\": 100, \"file\": {\"driver\": \"qcow2\", \"file\": {\"driver\": \"file\", \"filename\": \"TEST_DIR/t.qcow2\"}}}",
                "encryption_key_missing": false
            },
            "qdev": "/machine/peripheral/virtio0/virtio-backend",
            "type": "unknown"
        }
    ]
}
{
    "return": [
        {
            "iops_rd": 0,
            "detect_zeroes": "off",
            "image": {
                "virtual-size": 67108864,
                "filename": "json:{\"throttle-group\": \"foo\", \"driver\": \"throttle\", \"limits.iops-total\": 100, \"file\": {\"driver\": \"qcow2\", \"file\": {\"driver\": \"file\", \"filename\": \"TEST_DIR/t.qcow2\"}}}",
                "format": "throttle",
                "actual-size": 200704
            },
            "iops_wr": 0,
            "ro": false,
            "node-name": "throttle0",
            "backing_file_depth": 0,
            "drv": "throttle",
            "iops": 0,
            "bps_wr": 0,
            "write_threshold": 0,
            "encrypted": false,
            "bps": 0,
            "bps_rd": 0,
            "cache": {
                "no-flush": false,
                "direct": false,
                "writeback": true
            },
            "file": "json:{\"throttle-group\": \"foo\", \"driver\": \"throttle\", \"limits.iops-total\": 100, \"file\": {\"driver\": \"qcow2\", \"file\": {\"driver\": \"file\", \"filename\": \"TEST_DIR/t.qcow2\"}}}",
            "encryption_key_missing": false
        },
        {
            "iops_rd": 0,
            "detect_zeroes": "off",
            "image": {
                "virtual-size": 67108864,
                "filename": "TEST_DIR/t.qcow2",
                "cluster-size": 65536,
                "format": "qcow2",
                "actual-size": 200704,
                "format-specific": {
                    "type": "qcow2",
                    "data": {
                        "compat": "1.1",
                        "lazy-refcounts": false,
                        "refcount-bits": 16,
                        "corrupt": false
                    }
                },
                "dirty-flag": false
            },
            "iops_wr": 0,
            "ro": false,
            "node-name": "disk",
            "backing_file_depth": 0,
            "drv": "qcow2",
            "iops": 0,
            "bps_wr": 0,
            "write_threshold": 0,
            "encrypted": false,
            "bps": 0,
            "bps_rd": 0,
            "cache": {
                "no-flush": false,
                "direct": false,
                "writeback": true
            },
            "file": "TEST_DIR/t.qcow2",
            "encryption_key_missing": false
        },
        {
            "iops_rd": 0,
            "detect_zeroes": "off",
            "image": {
                "virtual-size": 197120,
                "filename": "TEST_DIR/t.qcow2",
                "format": "file",
                "actual-size": 200704,
                "dirty-flag": false
            },
            "iops_wr": 0,
            "ro": false,
            "node-name": "NODE_NAME",
            "backing_file_depth": 0,
            "drv": "file",
            "iops": 0,
            "bps_wr": 0,
            "write_threshold": 0,
            "encrypted": false,
            "bps": 0,
            "bps_rd": 0,
            "cache": {
                "no-flush": false,
                "direct": false,
                "writeback": true
            },
            "file": "TEST_DIR/t.qcow2",
            "encryption_key_missing": false
        }
    ]
}
{
    "return": {
    }
}
{
    "timestamp": {
        "seconds":  TIMESTAMP,
        "microseconds":  TIMESTAMP
    },
    "event": "SHUTDOWN",
    "data": {
        "guest": false
    }
}


== inserting node below BB ==
Testing: -drive file=TEST_DIR/t.IMGFMT,format=IMGFMT,if=none,id=disk,node-name=disk0
{
    QMP_VERSION
}
{
    "return": {
    }
}
{
    "return": {
    }
}
{
    "return": {
    }
}
{
    "return": [
        {
            "device": "disk",
            "locked": false,
            "removable": true,
            "inserted": {
                "iops_rd": 0,
                "detect_zeroes": "off",
                "image": {
                    "virtual-size": 67108864,
                    "filename": "TEST_DIR/t.qcow2",
                    "format": "throttle",
                    "actual-size": 200704
                },
                "iops_wr": 0,
                "ro": false,
                "node-name": "throttle0",
                "backing_file_depth": 0,
                "drv": "throttle",
                "iops": 0,
                "bps_wr": 0,
                "write_threshold": 0,
                "encrypted": false,
                "bps": 0,
                "bps_rd": 0,
                "cache": {
                    "no-flush": false,
                    "direct": false,
                    "writeback": true
                },
                "file": "TEST_DIR/t.qcow2",
                "encryption_key_missing": false
            },
            "type": "unknown"
        }
    ]
}
{
    "return": [
        {
            "iops_rd": 0,
            "detect_zeroes": "off",
            "image": {
                "virtual-size": 67108864,
                "filename": "TEST_DIR/t.qcow2",
                "format": "throttle",
                "actual-size": 200704
            },
            "iops_wr": 0,
            "ro": false,
            "node-name": "throttle0",
            "backing_file_depth": 0,
            "drv": "throttle",
            "iops": 0,
            "bps_wr": 0,
            "write_threshold": 0,
            "encrypted": false,
            "bps": 0,
            "bps_rd": 0,
            "cache": {
                "no-flush": false,
                "direct": false,
                "writeback": true
            },
            "file": "TEST_DIR/t.qcow2",
            "encryption_key_missing": false
        },
        {
            "iops_rd": 0,
            "detect_zeroes": "off",
            "image": {
                "virtual-size": 67108864,
                "filename": "TEST_DIR/t.qcow2",
                "cluster-size": 65536,
                "format": "qcow2",
                "actual-size": 200704,
                "format-specific": {
                    "type": "qcow2",
                    "data": {
                        "compat": "1.1",
                        "lazy-refcounts": false,
                        "refcount-bits": 16,
                        "corrupt": false
                    }
                },
                "dirty-flag": false
            },
            "iops_wr": 0,
            "ro": false,
            "node-name": "disk0",
            "backing_file_depth": 0,
            "drv": "qcow2",
            "iops": 0,
            "bps_wr": 0,
            "write_threshold": 0,
            "encrypted": false,
            "bps": 0,
            "bps_rd": 0,
            "cache": {
                "no-flush": false,
                "direct": false,
                "writeback": true
            },
            "file": "TEST_DIR/t.qcow2",
            "encryption_key_missing": false
        },
        {
            "iops_rd": 0,
            "detect_zeroes": "off",
            "image": {
                "virtual-size": 197120,
                "filename": "TEST_DIR/t.qcow2",
                "format": "file",
                "actual-size": 200704,
                "dirty-flag": false
            },
            "iops_wr": 0,
            "ro": false,
            "node-name": "NODE_NAME",
            "backing_file_depth": 0,
            "drv": "file",
            "iops": 0,
            "bps_wr": 0,
            "write_threshold": 0,
            "encrypted": false,
            "bps": 0,
            "bps_rd": 0,
            "cache": {
                "no-flush": false,
                "direct": false,
                "writeback": true
            },
            "file": "TEST_DIR/t.qcow2",
            "encryption_key_missing": false
        }
    ]
}
{
    "return": {
    }
}
{
    "return": {
    }
}
{
    "return": [
        {
            "device": "disk",
            "locked": false,
            "removable": true,
            "inserted": {
                "iops_rd": 0,
                "detect_zeroes": "off",
                "image": {
                    "virtual-size": 67108864,
                    "filename": "TEST_DIR/t.qcow2",
                    "cluster-size": 65536,
                    "format": "qcow2",
                    "actual-size": 200704,
                    "format-specific": {
                        "type": "qcow2",
                        "data": {
                            "compat": "1.1",
                            "lazy-refcounts": false,
                            "refcount-bits": 16,
                            "corrupt": false
                        }
                    },
                    "dirty-flag": false
                },
                "iops_wr": 0,
                "ro": false,
                "node-name": "disk0",
                "backing_file_depth": 0,
                "drv": "qcow2",
                "iops": 0,
                "bps_wr": 0,
                "write_threshold": 0,
                "encrypted": false,
                "bps": 0,
                "bps_rd": 0,
                "cache": {
                    "no-flush": false,
                    "direct": false,
                    "writeback": true
                },
                "file": "TEST_DIR/t.qcow2",
                "encryption_key_missing": false
            },
            "type": "unknown"
        }
    ]
}
{
    "return": [
        {
            "iops_rd": 0,
            "detect_zeroes": "off",
            "image": {
                "virtual-size": 67108864,
                "filename": "TEST_DIR/t.qcow2",
                "cluster-size": 65536,
                "format": "qcow2",
                "actual-size": 200704,
                "format-specific": {
                    "type": "qcow2",
                    "data": {
                        "compat": "1.1",
                        "lazy-refcounts": false,
                        "refcount-bits": 16,
                        "corrupt": false
                    }
                },
                "dirty-flag": false
            },
            "iops_wr": 0,
            "ro": false,
            "node-name": "disk0",
            "backing_file_depth": 0,
            "drv": "qcow2",
            "iops": 0,
            "bps_wr": 0,
            "write_threshold": 0,
            "encrypted": false,
            "bps": 0,
            "bps_rd": 0,
            "cache": {
                "no-flush": false,
                "direct": false,
                "writeback": true
            },
            "file": "TEST_DIR/t.qcow2",
            "encryption_key_missing": false
        },
        {
            "iops_rd": 0,
            "detect_zeroes": "off",
            "image": {
                "virtual-size": 197120,
                "filename": "TEST_DIR/t.qcow2",
                "format": "file",
                "actual-size": 200704,
                "dirty-flag": false
            },
            "iops_wr": 0,
            "ro": false,
            "node-name": "NODE_NAME",
            "backing_file_depth": 0,
            "drv": "file",
            "iops": 0,
            "bps_wr": 0,
            "write_threshold": 0,
            "encrypted": false,
            "bps": 0,
            "bps_rd": 0,
            "cache": {
                "no-flush": false,
                "direct": false,
                "writeback": true
            },
            "file": "TEST_DIR/t.qcow2",
            "encryption_key_missing": false
        }
    ]
}
{
    "return": {
    }
}
{
    "timestamp": {
        "seconds":  TIMESTAMP,
        "microseconds":  TIMESTAMP
    },
    "event": "SHUTDOWN",
    "data": {
        "guest": false
    }
}


== try insert with active block job ==
Testing: -drive file=TEST_DIR/t.IMGFMT,format=IMGFMT,if=none,id=disk,node-name=disk0
{
    QMP_VERSION
}
{
    "return": {
    }
}
Formatting 'TEST_DIR/t.qcow2.s', fmt=qcow2 size=67108864 backing_file=TEST_DIR/t.qcow2 backing_fmt=qcow2 cluster_size=65536 lazy_refcounts=off refcount_bits=16
{
    "return": {
    }
}
Formatting 'TEST_DIR/t.qcow2.e', fmt=qcow2 size=67108864 cluster_size=65536 lazy_refcounts=off refcount_bits=16
{
    "timestamp": {
        "seconds":  TIMESTAMP,
        "microseconds":  TIMESTAMP
    },
    "event": "BLOCK_JOB_READY",
    "data": {
        "device": "job0",
        "len": 0,
        "offset": 0,
        "speed": 0,
        "type": "mirror"
    }
}
{
    "return": {
    }
}
{
    "return": [
        {
            "io-status": "ok",
            "device": "job0",
            "busy": false,
            "len": 0,
            "offset": 0,
            "paused": false,
            "speed": 0,
            "ready": true,
            "type": "mirror"
        }
    ]
}
{
    "return": {
    }
}
{
    "error": {
        "class": "GenericError",
        "desc": "'overlay0' not a child of device 'disk'"
    }
}
{
    "return": [
        {
            "device": "disk",
            "locked": false,
            "removable": true,
            "inserted": {
                "iops_rd": 0,
                "detect_zeroes": "off",
                "image": {
                    "backing-image": {
                        "virtual-size": 67108864,
                        "filename": "TEST_DIR/t.qcow2",
                        "cluster-size": 65536,
                        "format": "qcow2",
                        "actual-size": 200704,
                        "format-specific": {
                            "type": "qcow2",
                            "data": {
                                "compat": "1.1",
                                "lazy-refcounts": false,
                                "refcount-bits": 16,
                                "corrupt": false
                            }
                        },
                        "dirty-flag": false
                    },
                    "backing-filename-format": "qcow2",
                    "virtual-size": 67108864,
                    "filename": "TEST_DIR/t.qcow2.s",
                    "cluster-size": 65536,
                    "format": "qcow2",
                    "actual-size": 200704,
                    "format-specific": {
                        "type": "qcow2",
                        "data": {
                            "compat": "1.1",
                            "lazy-refcounts": false,
                            "refcount-bits": 16,
                            "corrupt": false
                        }
                    },
                    "full-backing-filename": "TEST_DIR/t.qcow2",
                    "backing-filename": "TEST_DIR/t.qcow2",
                    "dirty-flag": false
                },
                "iops_wr": 0,
                "ro": false,
                "node-name": "overlay0",
                "backing_file_depth": 1,
                "drv": "qcow2",
                "iops": 0,
                "bps_wr": 0,
                "write_threshold": 0,
                "backing_file": "TEST_DIR/t.qcow2",
                "encrypted": false,
                "bps": 0,
                "bps_rd": 0,
                "cache": {
                    "no-flush": false,
                    "direct": false,
                    "writeback": true
                },
                "file": "TEST_DIR/t.qcow2.s",
                "encryption_key_missing": false
            },
            "dirty-bitmaps": [
                {
                    "status": "active",
                    "granularity": 65536,
                    "count": 0
                }
            ],
            "type": "unknown"
        }
    ]
}
{
    "return": {
    }
}
{
    "return": {
    }
}
{
    "timestamp": {
        "seconds":  TIMESTAMP,
        "microseconds":  TIMESTAMP
    },
    "event": "SHUTDOWN",
    "data": {
        "guest": false
    }
}
{
    "timestamp": {
        "seconds":  TIMESTAMP,
        "microseconds":  TIMESTAMP
    },
    "event": "BLOCK_JOB_COMPLETED",
    "data": {
        "device": "job0",
        "len": 0,
        "offset": 0,
        "speed": 0,
        "type": "mirror"
    }
}


*** done
